<?xml version="1.0" encoding="utf-8"?><testsuites name="pytest tests"><testsuite name="pytest" errors="0" failures="0" skipped="0" tests="15" time="9.684" timestamp="2025-12-26T10:59:10.218119-06:00" hostname="MacBook-Pro.local"><testcase classname="tests.test_ollama_service" name="test_ollama_installed" time="0.039" /><testcase classname="tests.test_ollama_service" name="test_ollama_service_responding" time="0.034" /><testcase classname="tests.test_ollama_service" name="test_model_available" time="0.033" /><testcase classname="tests.test_ollama_service" name="test_model_loads_successfully" time="0.351" /><testcase classname="tests.test_ollama_service" name="test_cache_directory_exists" time="0.000" /><testcase classname="tests.test_performance" name="test_ai_response_time" time="0.344" /><testcase classname="tests.test_performance" name="test_ai_response_time_warning" time="0.351" /><testcase classname="tests.test_performance" name="test_model_load_time" time="0.442" /><testcase classname="tests.test_performance" name="test_cache_improves_performance" time="0.992" /><testcase classname="tests.test_performance" name="test_response_not_empty" time="0.344" /><testcase classname="tests.test_reliability" name="test_handles_invalid_model" time="0.332" /><testcase classname="tests.test_reliability" name="test_handles_empty_prompt" time="0.170" /><testcase classname="tests.test_reliability" name="test_handles_timeout" time="5.008" /><testcase classname="tests.test_reliability" name="test_partial_failure_recovery" time="0.969" /><testcase classname="tests.test_reliability" name="test_error_messages_helpful" time="0.254" /></testsuite></testsuites>